[0m[1mmodule.vpc_prod.aws_vpc.main: Creating...[0m[0m
[0m[1mmodule.vpc_dev.aws_vpc.main: Creating...[0m[0m
[0m[1mmodule.vpc_prod.aws_vpc.main: Still creating... [00m10s elapsed][0m[0m
[0m[1mmodule.vpc_dev.aws_vpc.main: Still creating... [00m10s elapsed][0m[0m
[0m[1mmodule.vpc_dev.aws_vpc.main: Creation complete after 13s [id=vpc-0babc9b9892a5f426][0m
[0m[1mmodule.vpc_dev.aws_internet_gateway.main: Creating...[0m[0m
[0m[1mmodule.vpc_dev.aws_subnet.private[0]: Creating...[0m[0m
[0m[1mmodule.vpc_dev.aws_subnet.public[0]: Creating...[0m[0m
[0m[1mmodule.vpc_dev.aws_subnet.public[1]: Creating...[0m[0m
[0m[1mmodule.vpc_dev.aws_subnet.private[1]: Creating...[0m[0m
[0m[1mmodule.vpc_prod.aws_vpc.main: Creation complete after 13s [id=vpc-04d4762f9a3362fc4][0m
[0m[1mmodule.vpc_prod.aws_internet_gateway.main: Creating...[0m[0m
[0m[1mmodule.vpc_prod.aws_subnet.private[1]: Creating...[0m[0m
[0m[1mmodule.vpc_prod.aws_subnet.public[1]: Creating...[0m[0m
[0m[1mmodule.vpc_prod.aws_subnet.private[0]: Creating...[0m[0m
[0m[1mmodule.vpc_prod.aws_subnet.public[0]: Creating...[0m[0m
[0m[1mmodule.vpc_dev.aws_internet_gateway.main: Creation complete after 1s [id=igw-07c2214cf71caad64][0m
[0m[1mmodule.vpc_dev.aws_route_table.public: Creating...[0m[0m
[0m[1mmodule.vpc_prod.aws_internet_gateway.main: Creation complete after 1s [id=igw-02deb94d57808fce2][0m
[0m[1mmodule.vpc_dev.aws_eip.nat[0]: Creating...[0m[0m
[0m[1mmodule.vpc_prod.aws_subnet.private[1]: Creation complete after 1s [id=subnet-02b5de4d21a074e67][0m
[0m[1mmodule.vpc_prod.aws_route_table.public: Creating...[0m[0m
[0m[1mmodule.vpc_dev.aws_subnet.private[0]: Creation complete after 1s [id=subnet-04de856ad32ba7673][0m
[0m[1mmodule.vpc_prod.aws_eip.nat[1]: Creating...[0m[0m
[0m[1mmodule.vpc_dev.aws_route_table.public: Creation complete after 1s [id=rtb-0c46c6863893d00d9][0m
[0m[1mmodule.vpc_prod.aws_eip.nat[0]: Creating...[0m[0m
[0m[1mmodule.vpc_prod.aws_route_table.public: Creation complete after 1s [id=rtb-0fd702ffe34df6764][0m
[0m[1mmodule.vpc_dev.aws_eip.nat[0]: Creation complete after 2s [id=eipalloc-01e757084ec9bfa4b][0m
[0m[1mmodule.vpc_prod.aws_eip.nat[1]: Creation complete after 2s [id=eipalloc-0886959edfba6e55b][0m
[0m[1mmodule.vpc_prod.aws_subnet.private[0]: Creation complete after 4s [id=subnet-09c449d1a5f0c2c3f][0m
[0m[1mmodule.vpc_dev.aws_subnet.private[1]: Creation complete after 4s [id=subnet-02696d059a3679365][0m
[0m[1mmodule.vpc_prod.aws_eip.nat[0]: Creation complete after 3s [id=eipalloc-088094c851d469dfc][0m
[0m[1mmodule.vpc_dev.aws_subnet.public[1]: Still creating... [00m10s elapsed][0m[0m
[0m[1mmodule.vpc_dev.aws_subnet.public[0]: Still creating... [00m10s elapsed][0m[0m
[0m[1mmodule.vpc_prod.aws_subnet.public[1]: Still creating... [00m10s elapsed][0m[0m
[0m[1mmodule.vpc_prod.aws_subnet.public[0]: Still creating... [00m10s elapsed][0m[0m
[0m[1mmodule.vpc_prod.aws_subnet.public[1]: Creation complete after 11s [id=subnet-07964837d6ff62f7e][0m
[0m[1mmodule.vpc_dev.aws_subnet.public[0]: Creation complete after 11s [id=subnet-07e15a01089d90451][0m
[0m[1mmodule.vpc_dev.aws_subnet.public[1]: Creation complete after 11s [id=subnet-038b69e438ff2e9b6][0m
[0m[1mmodule.vpc_dev.aws_route_table_association.public[0]: Creating...[0m[0m
[0m[1mmodule.vpc_dev.aws_route_table_association.public[1]: Creating...[0m[0m
[0m[1mmodule.vpc_dev.aws_nat_gateway.main[0]: Creating...[0m[0m
[0m[1mmodule.vpc_dev.aws_route_table_association.public[0]: Creation complete after 1s [id=rtbassoc-08a225f27ecc98847][0m
[0m[1mmodule.vpc_dev.aws_route_table_association.public[1]: Creation complete after 1s [id=rtbassoc-0687f6c1a5b049f91][0m
[0m[1mmodule.vpc_prod.aws_subnet.public[0]: Creation complete after 14s [id=subnet-0a9fdd590dd7d3c3e][0m
[0m[1mmodule.vpc_prod.aws_route_table_association.public[1]: Creating...[0m[0m
[0m[1mmodule.vpc_prod.aws_route_table_association.public[0]: Creating...[0m[0m
[0m[1mmodule.vpc_prod.aws_nat_gateway.main[1]: Creating...[0m[0m
[0m[1mmodule.vpc_prod.aws_nat_gateway.main[0]: Creating...[0m[0m
[0m[1mmodule.vpc_prod.aws_route_table_association.public[1]: Creation complete after 1s [id=rtbassoc-0df6373d428416275][0m
[0m[1mmodule.vpc_prod.aws_route_table_association.public[0]: Creation complete after 1s [id=rtbassoc-00c3165741420f1d6][0m
[0m[1mmodule.vpc_dev.aws_nat_gateway.main[0]: Still creating... [00m10s elapsed][0m[0m
[0m[1mmodule.vpc_prod.aws_nat_gateway.main[1]: Still creating... [00m10s elapsed][0m[0m
[0m[1mmodule.vpc_prod.aws_nat_gateway.main[0]: Still creating... [00m10s elapsed][0m[0m
[0m[1mmodule.vpc_dev.aws_nat_gateway.main[0]: Still creating... [00m20s elapsed][0m[0m
[0m[1mmodule.vpc_prod.aws_nat_gateway.main[1]: Still creating... [00m20s elapsed][0m[0m
[0m[1mmodule.vpc_prod.aws_nat_gateway.main[0]: Still creating... [00m20s elapsed][0m[0m
[0m[1mmodule.vpc_dev.aws_nat_gateway.main[0]: Still creating... [00m30s elapsed][0m[0m
[0m[1mmodule.vpc_prod.aws_nat_gateway.main[1]: Still creating... [00m30s elapsed][0m[0m
[0m[1mmodule.vpc_prod.aws_nat_gateway.main[0]: Still creating... [00m30s elapsed][0m[0m
[0m[1mmodule.vpc_dev.aws_nat_gateway.main[0]: Still creating... [00m40s elapsed][0m[0m
[0m[1mmodule.vpc_prod.aws_nat_gateway.main[1]: Still creating... [00m40s elapsed][0m[0m
[0m[1mmodule.vpc_prod.aws_nat_gateway.main[0]: Still creating... [00m40s elapsed][0m[0m
[0m[1mmodule.vpc_dev.aws_nat_gateway.main[0]: Still creating... [00m50s elapsed][0m[0m
[0m[1mmodule.vpc_prod.aws_nat_gateway.main[1]: Still creating... [00m50s elapsed][0m[0m
[0m[1mmodule.vpc_prod.aws_nat_gateway.main[0]: Still creating... [00m50s elapsed][0m[0m
[0m[1mmodule.vpc_dev.aws_nat_gateway.main[0]: Still creating... [01m00s elapsed][0m[0m
[0m[1mmodule.vpc_prod.aws_nat_gateway.main[1]: Still creating... [01m00s elapsed][0m[0m
[0m[1mmodule.vpc_prod.aws_nat_gateway.main[0]: Still creating... [01m00s elapsed][0m[0m
[0m[1mmodule.vpc_dev.aws_nat_gateway.main[0]: Still creating... [01m10s elapsed][0m[0m
[0m[1mmodule.vpc_prod.aws_nat_gateway.main[1]: Still creating... [01m10s elapsed][0m[0m
[0m[1mmodule.vpc_prod.aws_nat_gateway.main[0]: Still creating... [01m10s elapsed][0m[0m
[0m[1mmodule.vpc_dev.aws_nat_gateway.main[0]: Still creating... [01m20s elapsed][0m[0m
[0m[1mmodule.vpc_prod.aws_nat_gateway.main[1]: Still creating... [01m20s elapsed][0m[0m
[0m[1mmodule.vpc_prod.aws_nat_gateway.main[0]: Still creating... [01m20s elapsed][0m[0m
[0m[1mmodule.vpc_dev.aws_nat_gateway.main[0]: Still creating... [01m30s elapsed][0m[0m
[0m[1mmodule.vpc_prod.aws_nat_gateway.main[1]: Still creating... [01m30s elapsed][0m[0m
[0m[1mmodule.vpc_prod.aws_nat_gateway.main[0]: Still creating... [01m30s elapsed][0m[0m
[0m[1mmodule.vpc_prod.aws_nat_gateway.main[1]: Creation complete after 1m35s [id=nat-0e90ece2ff4b1bb22][0m
[0m[1mmodule.vpc_dev.aws_nat_gateway.main[0]: Still creating... [01m40s elapsed][0m[0m
[0m[1mmodule.vpc_prod.aws_nat_gateway.main[0]: Still creating... [01m40s elapsed][0m[0m
[0m[1mmodule.vpc_prod.aws_nat_gateway.main[0]: Creation complete after 1m45s [id=nat-025d6f80cc2a07017][0m
[0m[1mmodule.vpc_prod.aws_route_table.private[0]: Creating...[0m[0m
[0m[1mmodule.vpc_prod.aws_route_table.private[1]: Creating...[0m[0m
[0m[1mmodule.vpc_prod.aws_route_table.private[1]: Creation complete after 2s [id=rtb-031f2ea290cb82a9d][0m
[0m[1mmodule.vpc_prod.aws_route_table.private[0]: Creation complete after 2s [id=rtb-005bb590ee7b32685][0m
[0m[1mmodule.vpc_prod.aws_route_table_association.private[1]: Creating...[0m[0m
[0m[1mmodule.vpc_prod.aws_route_table_association.private[0]: Creating...[0m[0m
[0m[1mmodule.vpc_dev.aws_nat_gateway.main[0]: Still creating... [01m50s elapsed][0m[0m
[0m[1mmodule.vpc_prod.aws_route_table_association.private[0]: Creation complete after 1s [id=rtbassoc-02e1ff080cf5549f2][0m
[0m[1mmodule.vpc_prod.aws_route_table_association.private[1]: Creation complete after 1s [id=rtbassoc-0db0e2d734373f5cc][0m
[0m[1mmodule.vpc_dev.aws_nat_gateway.main[0]: Creation complete after 1m56s [id=nat-0d8fc0b7086636cf0][0m
[0m[1mmodule.vpc_dev.aws_route_table.private[0]: Creating...[0m[0m
[0m[1mmodule.vpc_dev.aws_route_table.private[0]: Creation complete after 2s [id=rtb-09641fec7920becb4][0m
[0m[1mmodule.vpc_dev.aws_route_table_association.private[1]: Creating...[0m[0m
[0m[1mmodule.vpc_dev.aws_route_table_association.private[0]: Creating...[0m[0m
[0m[1mmodule.vpc_dev.aws_route_table_association.private[0]: Creation complete after 0s [id=rtbassoc-0983bf230eb480d52][0m
[0m[1mmodule.vpc_dev.aws_route_table_association.private[1]: Creation complete after 0s [id=rtbassoc-0091599bc0679dbf7][0m
[0m[1m[32m
Apply complete! Resources: 31 added, 0 changed, 0 destroyed.[0m
[0m[1m[32m
Outputs:

[0mall_environments = {
  "dev" = {
    "availability_zones" = tolist([
      "us-east-1a",
      "us-east-1b",
    ])
    "environment" = "dev"
    "nat_gateways" = 1
    "nat_mode" = "single"
    "private_subnets" = 2
    "public_subnets" = 2
    "vpc_cidr" = "10.0.0.0/16"
    "vpc_id" = "vpc-0babc9b9892a5f426"
  }
  "prod" = {
    "availability_zones" = tolist([
      "us-east-1a",
      "us-east-1b",
    ])
    "environment" = "prod"
    "nat_gateways" = 2
    "nat_mode" = "multi-az"
    "private_subnets" = 2
    "public_subnets" = 2
    "vpc_cidr" = "10.1.0.0/16"
    "vpc_id" = "vpc-04d4762f9a3362fc4"
  }
}
dev_internet_gateway_id = "igw-07c2214cf71caad64"
dev_nat_gateway_ids = [
  "nat-0d8fc0b7086636cf0",
]
dev_private_route_table_ids = [
  "rtb-09641fec7920becb4",
]
dev_private_subnets = [
  "subnet-04de856ad32ba7673",
  "subnet-02696d059a3679365",
]
dev_public_subnets = [
  "subnet-07e15a01089d90451",
  "subnet-038b69e438ff2e9b6",
]
dev_vpc_cidr = "10.0.0.0/16"
dev_vpc_id = "vpc-0babc9b9892a5f426"
prod_internet_gateway_id = "igw-02deb94d57808fce2"
prod_nat_gateway_ids = [
  "nat-025d6f80cc2a07017",
  "nat-0e90ece2ff4b1bb22",
]
prod_private_route_table_ids = [
  "rtb-005bb590ee7b32685",
  "rtb-031f2ea290cb82a9d",
]
prod_private_subnets = [
  "subnet-09c449d1a5f0c2c3f",
  "subnet-02b5de4d21a074e67",
]
prod_public_subnets = [
  "subnet-0a9fdd590dd7d3c3e",
  "subnet-07964837d6ff62f7e",
]
prod_vpc_cidr = "10.1.0.0/16"
prod_vpc_id = "vpc-04d4762f9a3362fc4"
